=== exit 0 ===
=== stdout ===
	 ______ __  __ _____ _      _____ 
	|  ____|  \/  |_   _| |    |_   _|
	| |__  | \  / | | | | |      | |  
	|  __| | |\/| | | | | |      | |  
	| |____| |  | |_| |_| |____ _| |_ 
	|______|_|  |_|_____|______|_____|

commit : <NORMALIZED>
Random seed : 42
name : DD_Ta055.txt
file : <TESTING_DIR>/DD_Ta055.txt
File <TESTING_DIR>/DD_Ta055.txt is now open, start to read...
Number of jobs : 50
Number of machines : 20
Memory allowed.
Start to read matrix...
All is read from file.
Permutation Flow Shop TCT
  BEST IMPROVEMENT
      Random initial solution
      Local minima termination
      Exchange neighborhood
The print option is not enabled
searching...
time : <NORMALIZED>
iteration counter : 30650
Objective function value: 127422.000000
Found solution: { 2, 35, 28, 24, 48, 19, 15, 11, 25, 7, 46, 40, 20, 4, 41, 23, 32, 47, 17, 44, 39, 5, 14, 26, 27, 43, 30, 1, 12, 9, 42, 29, 16, 49, 10, 3, 45, 31, 37, 21, 34, 13, 50, 33, 38, 22, 6, 36, 18, 8 }

=== stderr ===
127422.000000
